// Jest Snapshot v1, https://goo.gl/fbAQLP

exports[`render 1`] = `
"<div class=\\"App\\">
  <div class=\\"makeStyles-root-1\\">
    <header class=\\"MuiPaper-root MuiAppBar-root MuiAppBar-positionStatic MuiAppBar-colorPrimary MuiPaper-elevation4\\">
      <div class=\\"MuiToolbar-root MuiToolbar-regular MuiToolbar-gutters\\">
        <h6 class=\\"MuiTypography-root makeStyles-title-2 MuiTypography-h6\\">Keicho</h6><button class=\\"MuiButtonBase-root MuiIconButton-root MuiIconButton-colorInherit MuiIconButton-edgeEnd\\" tabindex=\\"0\\" type=\\"button\\" aria-label=\\"menu\\"><span class=\\"MuiIconButton-label\\"><svg class=\\"MuiSvgIcon-root\\" focusable=\\"false\\" viewBox=\\"0 0 24 24\\" aria-hidden=\\"true\\"><path d=\\"M3 18h18v-2H3v2zm0-5h18v-2H3v2zm0-7v2h18V6H3z\\"></path></svg></span><span class=\\"MuiTouchRipple-root\\"></span></button>
      </div>
    </header>
  </div>
  <div class=\\"line__container\\">
    <div class=\\"line__contents\\">
      <div class=\\"line__left\\">
        <figure><img alt=\\"nisbot\\" src=\\"icons8-bot-32.png\\"></figure>
        <div class=\\"line__left-text\\">
          <div class=\\"text\\">あなたはこの会話で何が起きて欲しいですか？</div>
        </div>
      </div>
    </div>
  </div><textarea rows=\\"1\\" aria-label=\\"textarea\\" placeholder=\\"\\" id=\\"textarea\\" style=\\"height: -4px; overflow: hidden;\\"></textarea><textarea aria-hidden=\\"true\\" readonly=\\"\\" tabindex=\\"-1\\" style=\\"visibility: hidden; position: absolute; overflow: hidden; height: 0px; top: 0px; left: 0px; transform: translateZ(0);\\"></textarea><button class=\\"MuiButtonBase-root MuiIconButton-root\\" tabindex=\\"0\\" type=\\"button\\"><span class=\\"MuiIconButton-label\\">🙁</span><span class=\\"MuiTouchRipple-root\\"></span></button>
  <hr id=\\"bottom\\">
</div>"
`;
